// Jest Snapshot v1, https://goo.gl/fbAQLP

exports[`should render without crashing 1`] = `
<div
  className="FontsPane"
>
  <Connect(TitleFilter) />
  <CategoriesFilter />
  <Connect(SortingFilter) />
  <Connect(FontsList) />
  <Connect(SelectedFonts) />
</div>
`;
