// Jest Snapshot v1, https://goo.gl/fbAQLP

exports[`should render without crashing 1`] = `
<div
  className="SelectedFontsFooter"
>
  <button
    className="btn btn-no-background"
    onClick={[MockFunction]}
    title="Clear selected fonts"
    value="clear"
  >
    Clear
  </button>
</div>
`;
