// Jest Snapshot v1, https://goo.gl/fbAQLP

exports[`should render without crashing 1`] = `
<div
  className="SettingsPane"
>
  <Connect(TypeScale) />
  <Connect(Elements) />
  <Connect(Background) />
  <Connect(SettingsPaneFooter) />
</div>
`;
