// Jest Snapshot v1, https://goo.gl/fbAQLP

exports[`should render without crashing 1`] = `
<button
  className="PreviewFontSizeReset btn-blue-rect"
  onClick={[MockFunction]}
  title="Reset font size"
  value="reset"
>
  Reset
</button>
`;
