// Jest Snapshot v1, https://goo.gl/fbAQLP

exports[`should render without crashing 1`] = `
<div
  className="ShowcasePaneHeader"
>
  <button
    className="btn btn-round-big"
    onClick={[MockFunction]}
    title="Back to the sample text"
  >
    <ArrowBackRoundedIcon />
  </button>
</div>
`;
