// Jest Snapshot v1, https://goo.gl/fbAQLP

exports[`should render without crashing 1`] = `
<div
  className="App"
>
  <Memo(Header) />
  <Main />
  <Connect(Notifications) />
</div>
`;
