// Jest Snapshot v1, https://goo.gl/fbAQLP

exports[`should render without crashing 1`] = `
<div
  className="ErrorMessage"
>
  <p>
    Oops! Something went wrong...
  </p>
</div>
`;
