// Jest Snapshot v1, https://goo.gl/fbAQLP

exports[`should render without crashing 1`] = `
<main
  className="Main"
>
  <FontsPane />
  <Connect(ShowcasePane) />
  <SettingsPane />
</main>
`;
