// Jest Snapshot v1, https://goo.gl/fbAQLP

exports[`should render without crashing 1`] = `
<button
  className="UndoButton btn"
  onClick={[MockFunction]}
  title="Undo"
  value="undo"
>
  Undo
</button>
`;
